{
  "version": "1.5.0",
  "plugins_used": [
    {
      "name": "ArtifactoryDetector",
      "version": "1.5.0"
    },
    {
      "name": "AWSKeyDetector",
      "version": "1.5.0"
    },
    {
      "name": "AzureStorageKeyDetector",
      "version": "1.5.0"
    },
    {
      "name": "BasicAuthDetector",
      "version": "1.5.0"
    },
    {
      "name": "CloudantDetector",
      "version": "1.5.0"
    },
    {
      "name": "DiscordBotTokenDetector",
      "version": "1.5.0"
    },
    {
      "name": "GitHubTokenDetector",
      "version": "1.5.0"
    },
    {
      "name": "GitLabTokenDetector",
      "version": "1.5.0"
    },
    {
      "name": "GoogleAPIKeyDetector",
      "version": "1.5.0"
    },
    {
      "name": "GoogleCloudPlatformAPIKeyDetector",
      "version": "1.5.0"
    },
    {
      "name": "GoogleCloudPlatformOAuthDetector",
      "version": "1.5.0"
    },
    {
      "name": "HerokuAPIKeyDetector",
      "version": "1.5.0"
    },
    {
      "name": "IbmCloudApiKeyDetector",
      "version": "1.5.0"
    },
    {
      "name": "IbmCosHmacDetector",
      "version": "1.5.0"
    },
    {
      "name": "JwtTokenDetector",
      "version": "1.5.0"
    },
    {
      "name": "MailchimpAPIKeyDetector",
      "version": "1.5.0"
    },
    {
      "name": "NpmTokenDetector",
      "version": "1.5.0"
    },
    {
      "name": "OpenAIAPIKeyDetector",
      "version": "1.5.0"
    },
    {
      "name": "PgpPrivateKeyDetector",
      "version": "1.5.0"
    },
    {
      "name": "PivotalTrackerTokenDetector",
      "version": "1.5.0"
    },
    {
      "name": "PostgresDetector",
      "version": "1.5.0"
    },
    {
      "name": "PrivateKeyDetector",
      "version": "1.5.0"
    },
    {
      "name": "RedisDetector",
      "version": "1.5.0"
    },
    {
      "name": "SendGridAPIKeyDetector",
      "version": "1.5.0"
    },
    {
      "name": "SlackDetector",
      "version": "1.5.0"
    },
    {
      "name": "SlackWebhookDetector",
      "version": "1.5.0"
    },
    {
      "name": "SquareOAuthDetector",
      "version": "1.5.0"
    },
    {
      "name": "StripeAPIKeyDetector",
      "version": "1.5.0"
    },
    {
      "name": "TwilioAPIKeyDetector",
      "version": "1.5.0"
    },
    {
      "name": "TwitchAPIKeyDetector",
      "version": "1.5.0"
    },
    {
      "name": "TwitterAPIKeyDetector",
      "version": "1.5.0"
    }
  ],
  "filters_used": [],
  "results": []
}